// Vitest Snapshot v1, https://vitest.dev/guide/snapshot.html

exports[`Material renders correctly 1`] = `
<DocumentFragment>
  <div
    class="rc-raised"
  >
    <div
      class="rc-raised__bg"
      style="box-shadow: 0 2px 10px rgba(0,0,0,.12), 0 2px 5px rgba(0,0,0,.16); border-radius: 2px; background: rgb(255, 255, 255);"
    />
    <div
      class="rc-raised__content"
    >
      <div
        class="rc-material material-picker"
        style="--rc-material-accent: #22194d;"
      >
        <div
          class="rc-editable-input"
        >
          <input
            class="rc-editable-input__input"
            id="rc-editable-input-1"
            spellcheck="false"
            value="#22194D"
          />
          <label
            class="rc-editable-input__label"
            for="rc-editable-input-1"
          >
            hex
          </label>
        </div>
        <div
          class="rc-material__split"
        >
          <div
            class="rc-material__third"
          >
            <div
              class="rc-editable-input"
            >
              <input
                class="rc-editable-input__input"
                id="rc-editable-input-2"
                spellcheck="false"
                value="34"
              />
              <label
                class="rc-editable-input__label"
                for="rc-editable-input-2"
              >
                r
              </label>
            </div>
          </div>
          <div
            class="rc-material__third"
          >
            <div
              class="rc-editable-input"
            >
              <input
                class="rc-editable-input__input"
                id="rc-editable-input-3"
                spellcheck="false"
                value="25"
              />
              <label
                class="rc-editable-input__label"
                for="rc-editable-input-3"
              >
                g
              </label>
            </div>
          </div>
          <div
            class="rc-material__third"
          >
            <div
              class="rc-editable-input"
            >
              <input
                class="rc-editable-input__input"
                id="rc-editable-input-4"
                spellcheck="false"
                value="77"
              />
              <label
                class="rc-editable-input__label"
                for="rc-editable-input-4"
              >
                b
              </label>
            </div>
          </div>
        </div>
      </div>
    </div>
  </div>
</DocumentFragment>
`;
